
=== PSA Time Entry API Tests ===

1. Authentication
  Γ£à [200] Admin login
     Role: ADMIN, Username: admin
  Γ£à [200] User1 login
  Γ£à [200] User2 login
  Γ£à [401] Invalid login rejected (401)

2. Admin Routes
  Γ£à [200] GET /api/admin/users
     Users: admin, user1, user2

3. Schedules & Project Types
  Γ¥î [400] POST /api/schedules - Customer Project
     Created: "undefined" (type: undefined)
  Γ¥î [400] POST /api/schedules - Internal_Productive (EMS)
     Created: "undefined" (type: undefined)
  Γ¥î [400] POST /api/schedules - Internal_Overhead (EMS)
     Created: "undefined" (type: undefined)
  Γ£à [409] Duplicate schedule rejected (409)
  Γ£à [200] GET /api/schedules (user1)
     Schedules: 4, Types: Customer Project, Internal_Productive (EMS)

4. Time Entries
  Γ¥î [400] POST /api/entries
     Entry ID: undefined, Status: undefined
  Γ¥î [999] Duplicate entry POST updates existing (200 or 201)
  Γ£à No duplicate entries (count=0)
  Γ£à [200] GET /api/entries scoped to user1
     Entries for user1: 0, Schedule IDs: 
  Γ£à [200] GET /api/entries user2 gets own entries only
  Γ£à User isolation OK (user2 cannot see user1 entry=false)
  Γ¥î [500] PATCH /api/entries/:id ΓåÆ Saved
     Updated mon: undefined, status: undefined, notes: undefined

5. External API (X-API-KEY)
  Γ¥î [400] PATCH /api/external/update-note
     Notes after update: undefined
  Γ¥î [400] PATCH /api/external/update-note (append)
     Wed note (appended): undefined
  Γ¥î [400] POST /api/external/submit-timesheet
     isSubmitted: undefined, status: undefined
  Γ£à [401] Invalid X-API-KEY rejected (401)
  Γ£à [200] GET /api/external/projects
     Projects: 6, Types: Customer Project, Internal_Productive (EMS), Internal_Overhead (EMS)

6. Submit Flow
  Γ¥î [500] POST /api/entries/:id/submit
     isSubmitted: undefined, status: undefined
  Γ¥î [500] Edit after submit blocked (400)

7. Cleanup

==========================================
  PASSED: 13  |  FAILED: 11
==========================================

